  Wiederherzustellende Projekte werden ermittelt...
  Alle Projekte sind für die Wiederherstellung auf dem neuesten Stand.
  LedCube.Core.Common -> C:\prj\LedCube\LedCube.Core.Common\bin\Debug\net10.0\LedCube.Core.Common.dll
  LedCube.Core.UI.TimelineControl.Core -> C:\prj\LedCube\LedCube.Core.UI.TimelineControl.Core\bin\Debug\net10.0\LedCube.Core.UI.TimelineControl.Core.dll
  LedCube.Animator.Test -> C:\prj\LedCube\Animator\LedCube.Animator.Test\bin\Debug\net10.0-windows\LedCube.Animator.Test.dll
  LedCube.Sdf.Core -> C:\prj\LedCube\LedCube.Sdf.Core\bin\Debug\net10.0\LedCube.Sdf.Core.dll
  LedCube.PluginBase -> C:\prj\LedCube\Plugin\LedCube.PluginBase\bin\Debug\net10.0\LedCube.PluginBase.dll
  LedCube.Core.UI.TimelineControl -> C:\prj\LedCube\LedCube.Core.UI.TimelineControl\bin\Debug\net10.0\LedCube.Core.UI.TimelineControl.dll
  LedCube.Core.UI.TimelineControl.Test -> C:\prj\LedCube\LedCube.Core.UI.TimelineControl.Test\bin\Debug\net10.0\LedCube.Core.UI.TimelineControl.Test.dll
  LedCube.Streamer -> C:\prj\LedCube\LedCube.Streamer\bin\Debug\net10.0\LedCube.Streamer.dll
  LedCube.Plugins.Animation.TextWriter -> C:\prj\LedCube\Plugin\LedCube.Plugins.Animation.TextWriter\bin\Debug\net10.0\LedCube.Plugins.Animation.TextWriter.dll
  LedCube.Plugins.Animation.LedWalker -> C:\prj\LedCube\Plugin\LedCube.Plugins.Animation.LedWalker\bin\Debug\net10.0\LedCube.Plugins.Animation.LedWalker.dll
  LedCube.Plugins.Animation.SdfTest -> C:\prj\LedCube\Plugin\LedCube.Plugins.Animation.SdfTest\bin\Debug\net10.0\LedCube.Plugins.Animation.SdfTest.dll
  LedCube.Plugins.Animation.AudioSpectrum -> C:\prj\LedCube\Plugin\LedCube.Plugins.Animation.AudioSpectrum\bin\Debug\net10.0\LedCube.Plugins.Animation.AudioSpectrum.dll
  LedCube.Streamer.Console -> C:\prj\LedCube\LedCube.Streamer.Console\bin\Debug\net10.0\LedCube.Streamer.Console.dll
  LedCube.Streamer.DebugUI -> C:\prj\LedCube\LedCube.Streamer.DebugUI\bin\Debug\net10.0\LedCube.Streamer.DebugUI.dll
  LedCube.Plugins.Animation.GameOfLife -> C:\prj\LedCube\Plugin\LedCube.Plugins.Animation.GameOfLife\bin\Debug\net10.0\LedCube.Plugins.Animation.GameOfLife.dll
  LedCube.Streamer.Test -> C:\prj\LedCube\LedCube.Streamer.Test\bin\Debug\net10.0\LedCube.Streamer.Test.dll
  LedCube.PluginHost -> C:\prj\LedCube\Plugin\LedCube.PluginHost\bin\Debug\net10.0\LedCube.PluginHost.dll
C:\prj\LedCube\Animator\LedCube.Animator\Controls/LogAppender/LogAppenderControl.axaml(10,37,10,37): Avalonia error AVLN2100: Cannot parse a compiled binding without an explicit x:DataType directive to give a starting data type for bindings. Line 10, position 37. [C:\prj\LedCube\Animator\LedCube.Animator\LedCube.Animator.csproj]
C:\prj\LedCube\Animator\LedCube.Animator\Controls/LogAppender/LogAppenderControl.axaml(11,33,11,33): Avalonia error AVLN2100: Cannot parse a compiled binding without an explicit x:DataType directive to give a starting data type for bindings. Line 11, position 33. [C:\prj\LedCube\Animator\LedCube.Animator\LedCube.Animator.csproj]
C:\prj\LedCube\Animator\LedCube.Animator\Controls/LogAppender/LogAppenderControl.axaml(15,31,15,31): Avalonia error AVLN2100: Cannot parse a compiled binding without an explicit x:DataType directive to give a starting data type for bindings. Line 15, position 31. [C:\prj\LedCube\Animator\LedCube.Animator\LedCube.Animator.csproj]
C:\prj\LedCube\Animator\LedCube.Animator\Controls/LogAppender/LogAppenderControl.axaml(21,52,21,52): Avalonia error AVLN2000: Unable to resolve property or method of name 'Time' on type 'XamlX.TypeSystem.XamlPseudoType'. Line 21, position 52. [C:\prj\LedCube\Animator\LedCube.Animator\LedCube.Animator.csproj]
C:\prj\LedCube\Animator\LedCube.Animator\Controls/LogAppender/LogAppenderControl.axaml(22,36,22,36): Avalonia error AVLN2000: Unable to resolve property or method of name 'Color' on type 'XamlX.TypeSystem.XamlPseudoType'. Line 22, position 36. [C:\prj\LedCube\Animator\LedCube.Animator\LedCube.Animator.csproj]
C:\prj\LedCube\Animator\LedCube.Animator\Controls/LogAppender/LogAppenderControl.axaml(23,52,23,52): Avalonia error AVLN2000: Unable to resolve property or method of name 'Level' on type 'XamlX.TypeSystem.XamlPseudoType'. Line 23, position 52. [C:\prj\LedCube\Animator\LedCube.Animator\LedCube.Animator.csproj]
C:\prj\LedCube\Animator\LedCube.Animator\Controls/LogAppender/LogAppenderControl.axaml(24,36,24,36): Avalonia error AVLN2000: Unable to resolve property or method of name 'Color' on type 'XamlX.TypeSystem.XamlPseudoType'. Line 24, position 36. [C:\prj\LedCube\Animator\LedCube.Animator\LedCube.Animator.csproj]
C:\prj\LedCube\Animator\LedCube.Animator\Controls/LogAppender/LogAppenderControl.axaml(25,52,25,52): Avalonia error AVLN2000: Unable to resolve property or method of name 'Logger' on type 'XamlX.TypeSystem.XamlPseudoType'. Line 25, position 52. [C:\prj\LedCube\Animator\LedCube.Animator\LedCube.Animator.csproj]
C:\prj\LedCube\Animator\LedCube.Animator\Controls/LogAppender/LogAppenderControl.axaml(27,52,27,52): Avalonia error AVLN2000: Unable to resolve property or method of name 'Message' on type 'XamlX.TypeSystem.XamlPseudoType'. Line 27, position 52. [C:\prj\LedCube\Animator\LedCube.Animator\LedCube.Animator.csproj]
C:\prj\LedCube\Animator\LedCube.Animator\Controls/MainWindow/MainWindow.axaml(16,39,16,39): Avalonia error AVLN2101: Cannot parse a compiled binding without an explicit x:DataType directive to give a starting data type for bindings. Line 16, position 39. [C:\prj\LedCube\Animator\LedCube.Animator\LedCube.Animator.csproj]
C:\prj\LedCube\Animator\LedCube.Animator\Controls/MainWindow/MainWindow.axaml(42,21,42,21): Avalonia error AVLN2101: Cannot parse a compiled binding without an explicit x:DataType directive to give a starting data type for bindings. Line 42, position 21. [C:\prj\LedCube\Animator\LedCube.Animator\LedCube.Animator.csproj]
C:\prj\LedCube\Animator\LedCube.Animator\Controls/MainWindow/MainWindow.axaml(7,9,7,9): Avalonia error AVLN2100: Cannot parse a compiled binding without an explicit x:DataType directive to give a starting data type for bindings. Line 7, position 9. [C:\prj\LedCube\Animator\LedCube.Animator\LedCube.Animator.csproj]
C:\prj\LedCube\Animator\LedCube.Animator\Controls/MainWindow/MainWindow.axaml(40,31,40,31): Avalonia error AVLN2100: Cannot parse a compiled binding without an explicit x:DataType directive to give a starting data type for bindings. Line 40, position 31. [C:\prj\LedCube\Animator\LedCube.Animator\LedCube.Animator.csproj]
C:\prj\LedCube\Animator\LedCube.Animator\Controls/MainWindow/MainWindow.axaml(58,28,58,28): Avalonia error AVLN2100: Cannot parse a compiled binding without an explicit x:DataType directive to give a starting data type for bindings. Line 58, position 28. [C:\prj\LedCube\Animator\LedCube.Animator\LedCube.Animator.csproj]
C:\prj\LedCube\Animator\LedCube.Animator\Controls/MainWindow/MainWindow.axaml(59,28,59,28): Avalonia error AVLN2100: Cannot parse a compiled binding without an explicit x:DataType directive to give a starting data type for bindings. Line 59, position 28. [C:\prj\LedCube\Animator\LedCube.Animator\LedCube.Animator.csproj]
C:\prj\LedCube\Animator\LedCube.Animator\Controls/MenuBar/MenuBar.axaml(8,42,8,42): Avalonia error AVLN2100: Cannot parse a compiled binding without an explicit x:DataType directive to give a starting data type for bindings. Line 8, position 42. [C:\prj\LedCube\Animator\LedCube.Animator\LedCube.Animator.csproj]
C:\prj\LedCube\Animator\LedCube.Animator\Controls/MenuBar/MenuBar.axaml(14,38,14,38): Avalonia error AVLN2100: Cannot parse a compiled binding without an explicit x:DataType directive to give a starting data type for bindings. Line 14, position 38. [C:\prj\LedCube\Animator\LedCube.Animator\LedCube.Animator.csproj]
C:\prj\LedCube\Animator\LedCube.Animator\Controls/MenuBar/MenuBar.axaml(21,48,21,48): Avalonia error AVLN2100: Cannot parse a compiled binding without an explicit x:DataType directive to give a starting data type for bindings. Line 21, position 48. [C:\prj\LedCube\Animator\LedCube.Animator\LedCube.Animator.csproj]
C:\prj\LedCube\Animator\LedCube.Animator\Controls/SettingsWindow/SettingsWindow.axaml(17,48,17,48): Avalonia error AVLN2100: Cannot parse a compiled binding without an explicit x:DataType directive to give a starting data type for bindings. Line 17, position 48. [C:\prj\LedCube\Animator\LedCube.Animator\LedCube.Animator.csproj]
C:\prj\LedCube\Animator\LedCube.Animator\Controls/SettingsWindow/SettingsWindow.axaml(18,50,18,50): Avalonia error AVLN2100: Cannot parse a compiled binding without an explicit x:DataType directive to give a starting data type for bindings. Line 18, position 50. [C:\prj\LedCube\Animator\LedCube.Animator\LedCube.Animator.csproj]
  LedCube.Core.UI -> C:\prj\LedCube\LedCube.Core.UI\bin\Debug\net10.0\LedCube.Core.UI.dll
  LedCube.Plugins.Animation.Snake3D -> C:\prj\LedCube\Plugin\LedCube.Plugins.Animation.Snake3D\bin\Debug\net10.0\LedCube.Plugins.Animation.Snake3D.dll
  LedCube.Test -> C:\prj\LedCube\LedCube.Test\bin\Debug\net10.0-windows\LedCube.Test.dll
  LedCube.Core.UI.TimelineControl.Demo -> C:\prj\LedCube\LedCube.Core.UI.TimelineControl.Demo\bin\Debug\net10.0\LedCube.Core.UI.TimelineControl.Demo.dll
  LedCube.Streamer.UI -> C:\prj\LedCube\LedCube.Streamer.UI\bin\Debug\net10.0\LedCube.Streamer.UI.dll
  LedCube.Streamer.AnimationTestUI -> C:\prj\LedCube\LedCube.Streamer.AnimationTestUI\bin\Debug\net10.0\LedCube.Streamer.AnimationTestUI.dll

Fehler beim Buildvorgang.

C:\prj\LedCube\Animator\LedCube.Animator\Controls/LogAppender/LogAppenderControl.axaml(10,37,10,37): Avalonia error AVLN2100: Cannot parse a compiled binding without an explicit x:DataType directive to give a starting data type for bindings. Line 10, position 37. [C:\prj\LedCube\Animator\LedCube.Animator\LedCube.Animator.csproj]
C:\prj\LedCube\Animator\LedCube.Animator\Controls/LogAppender/LogAppenderControl.axaml(11,33,11,33): Avalonia error AVLN2100: Cannot parse a compiled binding without an explicit x:DataType directive to give a starting data type for bindings. Line 11, position 33. [C:\prj\LedCube\Animator\LedCube.Animator\LedCube.Animator.csproj]
C:\prj\LedCube\Animator\LedCube.Animator\Controls/LogAppender/LogAppenderControl.axaml(15,31,15,31): Avalonia error AVLN2100: Cannot parse a compiled binding without an explicit x:DataType directive to give a starting data type for bindings. Line 15, position 31. [C:\prj\LedCube\Animator\LedCube.Animator\LedCube.Animator.csproj]
C:\prj\LedCube\Animator\LedCube.Animator\Controls/LogAppender/LogAppenderControl.axaml(21,52,21,52): Avalonia error AVLN2000: Unable to resolve property or method of name 'Time' on type 'XamlX.TypeSystem.XamlPseudoType'. Line 21, position 52. [C:\prj\LedCube\Animator\LedCube.Animator\LedCube.Animator.csproj]
C:\prj\LedCube\Animator\LedCube.Animator\Controls/LogAppender/LogAppenderControl.axaml(22,36,22,36): Avalonia error AVLN2000: Unable to resolve property or method of name 'Color' on type 'XamlX.TypeSystem.XamlPseudoType'. Line 22, position 36. [C:\prj\LedCube\Animator\LedCube.Animator\LedCube.Animator.csproj]
C:\prj\LedCube\Animator\LedCube.Animator\Controls/LogAppender/LogAppenderControl.axaml(23,52,23,52): Avalonia error AVLN2000: Unable to resolve property or method of name 'Level' on type 'XamlX.TypeSystem.XamlPseudoType'. Line 23, position 52. [C:\prj\LedCube\Animator\LedCube.Animator\LedCube.Animator.csproj]
C:\prj\LedCube\Animator\LedCube.Animator\Controls/LogAppender/LogAppenderControl.axaml(24,36,24,36): Avalonia error AVLN2000: Unable to resolve property or method of name 'Color' on type 'XamlX.TypeSystem.XamlPseudoType'. Line 24, position 36. [C:\prj\LedCube\Animator\LedCube.Animator\LedCube.Animator.csproj]
C:\prj\LedCube\Animator\LedCube.Animator\Controls/LogAppender/LogAppenderControl.axaml(25,52,25,52): Avalonia error AVLN2000: Unable to resolve property or method of name 'Logger' on type 'XamlX.TypeSystem.XamlPseudoType'. Line 25, position 52. [C:\prj\LedCube\Animator\LedCube.Animator\LedCube.Animator.csproj]
C:\prj\LedCube\Animator\LedCube.Animator\Controls/LogAppender/LogAppenderControl.axaml(27,52,27,52): Avalonia error AVLN2000: Unable to resolve property or method of name 'Message' on type 'XamlX.TypeSystem.XamlPseudoType'. Line 27, position 52. [C:\prj\LedCube\Animator\LedCube.Animator\LedCube.Animator.csproj]
C:\prj\LedCube\Animator\LedCube.Animator\Controls/MainWindow/MainWindow.axaml(16,39,16,39): Avalonia error AVLN2101: Cannot parse a compiled binding without an explicit x:DataType directive to give a starting data type for bindings. Line 16, position 39. [C:\prj\LedCube\Animator\LedCube.Animator\LedCube.Animator.csproj]
C:\prj\LedCube\Animator\LedCube.Animator\Controls/MainWindow/MainWindow.axaml(42,21,42,21): Avalonia error AVLN2101: Cannot parse a compiled binding without an explicit x:DataType directive to give a starting data type for bindings. Line 42, position 21. [C:\prj\LedCube\Animator\LedCube.Animator\LedCube.Animator.csproj]
C:\prj\LedCube\Animator\LedCube.Animator\Controls/MainWindow/MainWindow.axaml(7,9,7,9): Avalonia error AVLN2100: Cannot parse a compiled binding without an explicit x:DataType directive to give a starting data type for bindings. Line 7, position 9. [C:\prj\LedCube\Animator\LedCube.Animator\LedCube.Animator.csproj]
C:\prj\LedCube\Animator\LedCube.Animator\Controls/MainWindow/MainWindow.axaml(40,31,40,31): Avalonia error AVLN2100: Cannot parse a compiled binding without an explicit x:DataType directive to give a starting data type for bindings. Line 40, position 31. [C:\prj\LedCube\Animator\LedCube.Animator\LedCube.Animator.csproj]
C:\prj\LedCube\Animator\LedCube.Animator\Controls/MainWindow/MainWindow.axaml(58,28,58,28): Avalonia error AVLN2100: Cannot parse a compiled binding without an explicit x:DataType directive to give a starting data type for bindings. Line 58, position 28. [C:\prj\LedCube\Animator\LedCube.Animator\LedCube.Animator.csproj]
C:\prj\LedCube\Animator\LedCube.Animator\Controls/MainWindow/MainWindow.axaml(59,28,59,28): Avalonia error AVLN2100: Cannot parse a compiled binding without an explicit x:DataType directive to give a starting data type for bindings. Line 59, position 28. [C:\prj\LedCube\Animator\LedCube.Animator\LedCube.Animator.csproj]
C:\prj\LedCube\Animator\LedCube.Animator\Controls/MenuBar/MenuBar.axaml(8,42,8,42): Avalonia error AVLN2100: Cannot parse a compiled binding without an explicit x:DataType directive to give a starting data type for bindings. Line 8, position 42. [C:\prj\LedCube\Animator\LedCube.Animator\LedCube.Animator.csproj]
C:\prj\LedCube\Animator\LedCube.Animator\Controls/MenuBar/MenuBar.axaml(14,38,14,38): Avalonia error AVLN2100: Cannot parse a compiled binding without an explicit x:DataType directive to give a starting data type for bindings. Line 14, position 38. [C:\prj\LedCube\Animator\LedCube.Animator\LedCube.Animator.csproj]
C:\prj\LedCube\Animator\LedCube.Animator\Controls/MenuBar/MenuBar.axaml(21,48,21,48): Avalonia error AVLN2100: Cannot parse a compiled binding without an explicit x:DataType directive to give a starting data type for bindings. Line 21, position 48. [C:\prj\LedCube\Animator\LedCube.Animator\LedCube.Animator.csproj]
C:\prj\LedCube\Animator\LedCube.Animator\Controls/SettingsWindow/SettingsWindow.axaml(17,48,17,48): Avalonia error AVLN2100: Cannot parse a compiled binding without an explicit x:DataType directive to give a starting data type for bindings. Line 17, position 48. [C:\prj\LedCube\Animator\LedCube.Animator\LedCube.Animator.csproj]
C:\prj\LedCube\Animator\LedCube.Animator\Controls/SettingsWindow/SettingsWindow.axaml(18,50,18,50): Avalonia error AVLN2100: Cannot parse a compiled binding without an explicit x:DataType directive to give a starting data type for bindings. Line 18, position 50. [C:\prj\LedCube\Animator\LedCube.Animator\LedCube.Animator.csproj]
    0 Warnung(en)
    20 Fehler

Verstrichene Zeit 00:00:03.86
